// Jest Snapshot v1, https://goo.gl/fbAQLP

exports[`Label test Label with snapshot 1`] = `
<div
  className="MuiBox-root MuiBox-root-2"
>
  Name
</div>
`;
