// Jest Snapshot v1, https://goo.gl/fbAQLP

exports[`ReviewList test ReviewList with snapshot 1`] = `
Array [
  <div
    className="MuiBox-root MuiBox-root-3"
  >
    <div
      className="MuiBox-root MuiBox-root-4"
    >
      REVIEWS
    </div>
    <div
      className="MuiGrid-root MuiGrid-container MuiGrid-item MuiGrid-grid-xs-12"
    />
  </div>,
  " ",
]
`;
